Zadejte cislo pro vypocet faktorialu: Vysledek: 40320 (zaporny: -40320)
