Zadejte cislo pro vypocet faktorialu: Vysledek: 3628800 (zaporny: -3628800)
